
> crm-whatsapp-email@0.1.0 build
> next build

Ôû▓ Next.js 16.1.6 (Turbopack)
- Environments: .env.local

node.exe : ÔÜá The "middleware" file 
convention is deprecated. Please use 
"proxy" instead. Learn more: https://nextjs.
org/docs/messages/middleware-to-proxy
No C:\Program Files\nodejs\npm.ps1:29 
caractere:3
+   & $NODE_EXE $NPM_CLI_JS $args
+   ~~~~~~~~~~~~~~~~~~~~~~~~~~~~~
    + CategoryInfo          : NotSpecified: 
    (ÔÜá The "middle...leware-to-proxy:Str  
  ing) [], RemoteException
    + FullyQualifiedErrorId : NativeCommand 
   Error
 
  Creating an optimized production build ...
Ô£ô Compiled successfully in 2.8s
  Running TypeScript ...
Failed to compile.

.next/dev/types/validator.ts:279:31
Type error: Type 'typeof 
import("C:/Users/caiof/Projetos IA/crm-whats
app-email/src/app/api/whatsapp/evolution/[ac
tion]/route")' does not satisfy the 
constraint 'RouteHandlerConfig<"/api/whatsap
p/evolution/[action]">'.
  Types of property 'GET' are incompatible.
    Type '(request: NextRequest, { params 
}: { params: { action: string; }; }) => 
Promise<Response>' is not assignable to 
type '(request: NextRequest, context: { 
params: Promise<{ action: string; }>; }) => 
void | Response | Promise<void | Response>'.
      Types of parameters '__1' and 
'context' are incompatible.
        Type '{ params: Promise<{ action: 
string; }>; }' is not assignable to type '{ 
params: { action: string; }; }'.
          Types of property 'params' are 
incompatible.
            Property 'action' is missing in 
type 'Promise<{ action: string; }>' but 
required in type '{ action: string; }'.

[0m [90m 277 |[39m   type 
__IsExpected[33m<[39m[33mSpecific[39m 
[36mextends[39m [33mRouteHandlerConfig[3
9m[33m<[39m[32m"/api/whatsapp/evolution/[
action]"[39m[33m>>[39m [33m=[39m 
[33mSpecific[39m
 [90m 278 |[39m   [36mconst[39m handler 
[33m=[39m {} [36mas[39m 
[36mtypeof[39m [36mimport[39m([32m"../.
./../src/app/api/whatsapp/evolution/[action]
/route.js"[39m)
[31m[1m>[22m[39m[90m 279 |[39m   type 
__Check [33m=[39m 
__IsExpected[33m<[39m[36mtypeof[39m 
handler[33m>[39m
 [90m     |[39m                           
    [31m[1m^[22m[39m
 [90m 280 |[39m   [90m// @ts-ignore[39m
 [90m 281 |[39m   type __Unused 
[33m=[39m __Check
 [90m 282 |[39m }[0m
Next.js build worker exited with code: 1 
and signal: null
